// Jest Snapshot v1, https://goo.gl/fbAQLP

exports[`Image List Should render correctly 1`] = `ShallowWrapper {}`;
