// Jest Snapshot v1, https://goo.gl/fbAQLP

exports[`Text Should render correctly 1`] = `ShallowWrapper {}`;
