// Jest Snapshot v1, https://goo.gl/fbAQLP

exports[`EmailBody Should render correctly 1`] = `ShallowWrapper {}`;
