// Jest Snapshot v1, https://goo.gl/fbAQLP

exports[`SideBar Should render correctly 1`] = `ShallowWrapper {}`;
