// Jest Snapshot v1, https://goo.gl/fbAQLP

exports[`Message Should render correctly 1`] = `ShallowWrapper {}`;
