// Jest Snapshot v1, https://goo.gl/fbAQLP

exports[`Blocks Should render correctly 1`] = `ShallowWrapper {}`;
